[     708ms] [INFO] %cDownload the React DevTools for a better development experience: https://react.dev/link/react-devtools font-weight:bold @ http://localhost:5173/node_modules/.vite/deps/react-dom_client.js?v=94dfd021:22164
[  101511ms] [INFO] %cDownload the React DevTools for a better development experience: https://react.dev/link/react-devtools font-weight:bold @ http://localhost:5173/node_modules/.vite/deps/react-dom_client.js?v=94dfd021:22164
[  247587ms] [ERROR] %o

%s

%s
 ReferenceError: isEnrolled is not defined
    at LearningPlan (http://localhost:5173/src/pages/LearningPlan.jsx?t=1791194539156:71:3)
    at Object.react_stack_bottom_frame (http://localhost:5173/node_modules/.vite/deps/react-dom_client.js?v=94dfd021:20259:20)
    at renderWithHooks (http://localhost:5173/node_modules/.vite/deps/react-dom_client.js?v=94dfd021:5918:24)
    at updateFunctionComponent (http://localhost:5173/node_modules/.vite/deps/react-dom_client.js?v=94dfd021:7763:21)
    at beginWork (http://localhost:5173/node_modules/.vite/deps/react-dom_client.js?v=94dfd021:8843:20)
    at runWithFiberInDEV (http://localhost:5173/node_modules/.vite/deps/react-dom_client.js?v=94dfd021:1133:72)
    at performUnitOfWork (http://localhost:5173/node_modules/.vite/deps/react-dom_client.js?v=94dfd021:13598:98)
    at workLoopSync (http://localhost:5173/node_modules/.vite/deps/react-dom_client.js?v=94dfd021:13461:43)
    at renderRootSync (http://localhost:5173/node_modules/.vite/deps/react-dom_client.js?v=94dfd021:13445:13)
    at performWorkOnRoot (http://localhost:5173/node_modules/.vite/deps/react-dom_client.js?v=94dfd021:12861:37) The above error occurred in the <LearningPlan> component. React will try to recreate this component tree from scratch using the error boundary you provided, ErrorBoundary. @ http://localhost:5173/node_modules/.vite/deps/react-dom_client.js?v=94dfd021:7275
[  247595ms] [ERROR] [Nebula KnowLab crash] ReferenceError: isEnrolled is not defined
    at LearningPlan (http://localhost:5173/src/pages/LearningPlan.jsx?t=1791194539156:71:3)
    at Object.react_stack_bottom_frame (http://localhost:5173/node_modules/.vite/deps/react-dom_client.js?v=94dfd021:20259:20)
    at renderWithHooks (http://localhost:5173/node_modules/.vite/deps/react-dom_client.js?v=94dfd021:5918:24)
    at updateFunctionComponent (http://localhost:5173/node_modules/.vite/deps/react-dom_client.js?v=94dfd021:7763:21)
    at beginWork (http://localhost:5173/node_modules/.vite/deps/react-dom_client.js?v=94dfd021:8843:20)
    at runWithFiberInDEV (http://localhost:5173/node_modules/.vite/deps/react-dom_client.js?v=94dfd021:1133:72)
    at performUnitOfWork (http://localhost:5173/node_modules/.vite/deps/react-dom_client.js?v=94dfd021:13598:98)
    at workLoopSync (http://localhost:5173/node_modules/.vite/deps/react-dom_client.js?v=94dfd021:13461:43)
    at renderRootSync (http://localhost:5173/node_modules/.vite/deps/react-dom_client.js?v=94dfd021:13445:13)
    at performWorkOnRoot (http://localhost:5173/node_modules/.vite/deps/react-dom_client.js?v=94dfd021:12861:37) @ http://localhost:5173/src/ui/ErrorBoundary.jsx?t=1791193483788:21
