[     283ms] [INFO] %cDownload the React DevTools for a better development experience: https://react.dev/link/react-devtools font-weight:bold @ http://localhost:5173/node_modules/.vite/deps/react-dom_client.js?v=94dfd021:22164
[  897609ms] [ERROR] [vite] ReferenceError: MODULES is not defined
    at http://localhost:5173/src/content/catalog.js?t=1791190272861:6:61 @ http://localhost:5173/@vite/client:881
[  897619ms] [ERROR] [vite] Failed to reload /src/pages/Dashboard.jsx. This could be due to syntax errors or importing non-existent modules. (see errors above) @ http://localhost:5173/@vite/client:881
[  897620ms] [ERROR] [vite] ReferenceError: MODULES is not defined
    at http://localhost:5173/src/content/catalog.js?t=1791190272861:6:61 @ http://localhost:5173/@vite/client:881
[  897620ms] [ERROR] [vite] Failed to reload /src/pages/Catalog.jsx. This could be due to syntax errors or importing non-existent modules. (see errors above) @ http://localhost:5173/@vite/client:881
[  953311ms] [ERROR] %o

%s

%s
 ReferenceError: useState is not defined
    at useModuleOrder (http://localhost:5173/src/pages/Course.jsx?t=1791190328383:39:29)
    at Course (http://localhost:5173/src/pages/Course.jsx?t=1791190328383:568:31)
    at Object.react_stack_bottom_frame (http://localhost:5173/node_modules/.vite/deps/react-dom_client.js?v=94dfd021:20259:20)
    at renderWithHooks (http://localhost:5173/node_modules/.vite/deps/react-dom_client.js?v=94dfd021:5918:24)
    at updateFunctionComponent (http://localhost:5173/node_modules/.vite/deps/react-dom_client.js?v=94dfd021:7763:21)
    at beginWork (http://localhost:5173/node_modules/.vite/deps/react-dom_client.js?v=94dfd021:8843:20)
    at runWithFiberInDEV (http://localhost:5173/node_modules/.vite/deps/react-dom_client.js?v=94dfd021:1133:72)
    at performUnitOfWork (http://localhost:5173/node_modules/.vite/deps/react-dom_client.js?v=94dfd021:13598:98)
    at workLoopSync (http://localhost:5173/node_modules/.vite/deps/react-dom_client.js?v=94dfd021:13461:43)
    at renderRootSync (http://localhost:5173/node_modules/.vite/deps/react-dom_client.js?v=94dfd021:13445:13) The above error occurred in the <Course> component. React will try to recreate this component tree from scratch using the error boundary you provided, ErrorBoundary. @ http://localhost:5173/node_modules/.vite/deps/react-dom_client.js?v=94dfd021:7275
[  953315ms] [ERROR] [Proofcraft crash] ReferenceError: useState is not defined
    at useModuleOrder (http://localhost:5173/src/pages/Course.jsx?t=1791190328383:39:29)
    at Course (http://localhost:5173/src/pages/Course.jsx?t=1791190328383:568:31)
    at Object.react_stack_bottom_frame (http://localhost:5173/node_modules/.vite/deps/react-dom_client.js?v=94dfd021:20259:20)
    at renderWithHooks (http://localhost:5173/node_modules/.vite/deps/react-dom_client.js?v=94dfd021:5918:24)
    at updateFunctionComponent (http://localhost:5173/node_modules/.vite/deps/react-dom_client.js?v=94dfd021:7763:21)
    at beginWork (http://localhost:5173/node_modules/.vite/deps/react-dom_client.js?v=94dfd021:8843:20)
    at runWithFiberInDEV (http://localhost:5173/node_modules/.vite/deps/react-dom_client.js?v=94dfd021:1133:72)
    at performUnitOfWork (http://localhost:5173/node_modules/.vite/deps/react-dom_client.js?v=94dfd021:13598:98)
    at workLoopSync (http://localhost:5173/node_modules/.vite/deps/react-dom_client.js?v=94dfd021:13461:43)
    at renderRootSync (http://localhost:5173/node_modules/.vite/deps/react-dom_client.js?v=94dfd021:13445:13) @ http://localhost:5173/src/ui/ErrorBoundary.jsx:21
[  960487ms] [ERROR] %o

%s

%s
 ReferenceError: useModuleOrder is not defined
    at Course (http://localhost:5173/src/pages/Course.jsx?t=1791190335759:507:31)
    at Object.react_stack_bottom_frame (http://localhost:5173/node_modules/.vite/deps/react-dom_client.js?v=94dfd021:20259:20)
    at renderWithHooks (http://localhost:5173/node_modules/.vite/deps/react-dom_client.js?v=94dfd021:5918:24)
    at updateFunctionComponent (http://localhost:5173/node_modules/.vite/deps/react-dom_client.js?v=94dfd021:7763:21)
    at beginWork (http://localhost:5173/node_modules/.vite/deps/react-dom_client.js?v=94dfd021:8843:20)
    at runWithFiberInDEV (http://localhost:5173/node_modules/.vite/deps/react-dom_client.js?v=94dfd021:1133:72)
    at performUnitOfWork (http://localhost:5173/node_modules/.vite/deps/react-dom_client.js?v=94dfd021:13598:98)
    at workLoopSync (http://localhost:5173/node_modules/.vite/deps/react-dom_client.js?v=94dfd021:13461:43)
    at renderRootSync (http://localhost:5173/node_modules/.vite/deps/react-dom_client.js?v=94dfd021:13445:13)
    at performWorkOnRoot (http://localhost:5173/node_modules/.vite/deps/react-dom_client.js?v=94dfd021:12861:37) The above error occurred in the <Course> component. React will try to recreate this component tree from scratch using the error boundary you provided, ErrorBoundary. @ http://localhost:5173/node_modules/.vite/deps/react-dom_client.js?v=94dfd021:7275
[  960488ms] [ERROR] [Proofcraft crash] ReferenceError: useModuleOrder is not defined
    at Course (http://localhost:5173/src/pages/Course.jsx?t=1791190335759:507:31)
    at Object.react_stack_bottom_frame (http://localhost:5173/node_modules/.vite/deps/react-dom_client.js?v=94dfd021:20259:20)
    at renderWithHooks (http://localhost:5173/node_modules/.vite/deps/react-dom_client.js?v=94dfd021:5918:24)
    at updateFunctionComponent (http://localhost:5173/node_modules/.vite/deps/react-dom_client.js?v=94dfd021:7763:21)
    at beginWork (http://localhost:5173/node_modules/.vite/deps/react-dom_client.js?v=94dfd021:8843:20)
    at runWithFiberInDEV (http://localhost:5173/node_modules/.vite/deps/react-dom_client.js?v=94dfd021:1133:72)
    at performUnitOfWork (http://localhost:5173/node_modules/.vite/deps/react-dom_client.js?v=94dfd021:13598:98)
    at workLoopSync (http://localhost:5173/node_modules/.vite/deps/react-dom_client.js?v=94dfd021:13461:43)
    at renderRootSync (http://localhost:5173/node_modules/.vite/deps/react-dom_client.js?v=94dfd021:13445:13)
    at performWorkOnRoot (http://localhost:5173/node_modules/.vite/deps/react-dom_client.js?v=94dfd021:12861:37) @ http://localhost:5173/src/ui/ErrorBoundary.jsx:21
