[     315ms] [INFO] %cDownload the React DevTools for a better development experience: https://react.dev/link/react-devtools font-weight:bold @ http://localhost:5173/node_modules/.vite/deps/react-dom_client.js?v=94dfd021:22164
[ 1922085ms] [ERROR] %o

%s

%s
 TypeError: Illegal constructor
    at Object.react_stack_bottom_frame (http://localhost:5173/node_modules/.vite/deps/react-dom_client.js?v=94dfd021:20259:20)
    at renderWithHooks (http://localhost:5173/node_modules/.vite/deps/react-dom_client.js?v=94dfd021:5918:24)
    at updateFunctionComponent (http://localhost:5173/node_modules/.vite/deps/react-dom_client.js?v=94dfd021:7763:21)
    at beginWork (http://localhost:5173/node_modules/.vite/deps/react-dom_client.js?v=94dfd021:8843:20)
    at runWithFiberInDEV (http://localhost:5173/node_modules/.vite/deps/react-dom_client.js?v=94dfd021:1133:72)
    at performUnitOfWork (http://localhost:5173/node_modules/.vite/deps/react-dom_client.js?v=94dfd021:13598:98)
    at workLoopSync (http://localhost:5173/node_modules/.vite/deps/react-dom_client.js?v=94dfd021:13461:43)
    at renderRootSync (http://localhost:5173/node_modules/.vite/deps/react-dom_client.js?v=94dfd021:13445:13)
    at performWorkOnRoot (http://localhost:5173/node_modules/.vite/deps/react-dom_client.js?v=94dfd021:12861:37)
    at performSyncWorkOnRoot (http://localhost:5173/node_modules/.vite/deps/react-dom_client.js?v=94dfd021:14651:9) The above error occurred in the <Lock> component. React will try to recreate this component tree from scratch using the error boundary you provided, ErrorBoundary. @ http://localhost:5173/node_modules/.vite/deps/react-dom_client.js?v=94dfd021:7275
[ 1922089ms] [ERROR] [Proofcraft crash] TypeError: Illegal constructor
    at Object.react_stack_bottom_frame (http://localhost:5173/node_modules/.vite/deps/react-dom_client.js?v=94dfd021:20259:20)
    at renderWithHooks (http://localhost:5173/node_modules/.vite/deps/react-dom_client.js?v=94dfd021:5918:24)
    at updateFunctionComponent (http://localhost:5173/node_modules/.vite/deps/react-dom_client.js?v=94dfd021:7763:21)
    at beginWork (http://localhost:5173/node_modules/.vite/deps/react-dom_client.js?v=94dfd021:8843:20)
    at runWithFiberInDEV (http://localhost:5173/node_modules/.vite/deps/react-dom_client.js?v=94dfd021:1133:72)
    at performUnitOfWork (http://localhost:5173/node_modules/.vite/deps/react-dom_client.js?v=94dfd021:13598:98)
    at workLoopSync (http://localhost:5173/node_modules/.vite/deps/react-dom_client.js?v=94dfd021:13461:43)
    at renderRootSync (http://localhost:5173/node_modules/.vite/deps/react-dom_client.js?v=94dfd021:13445:13)
    at performWorkOnRoot (http://localhost:5173/node_modules/.vite/deps/react-dom_client.js?v=94dfd021:12861:37)
    at performSyncWorkOnRoot (http://localhost:5173/node_modules/.vite/deps/react-dom_client.js?v=94dfd021:14651:9) @ http://localhost:5173/src/ui/ErrorBoundary.jsx:21
[ 1933016ms] [ERROR] [vite] SyntaxError: The requested module '/src/ui/bits.jsx' does not provide an export named 'FormaMark' @ http://localhost:5173/@vite/client:881
[ 1933017ms] [ERROR] [vite] Failed to reload /src/ui/TopNav.jsx. This could be due to syntax errors or importing non-existent modules. (see errors above) @ http://localhost:5173/@vite/client:881
[ 1933076ms] [ERROR] Failed to load resource: the server responded with a status of 500 (Internal Server Error) @ http://localhost:5173/src/App.jsx?t=1791192491847:0
[ 1933077ms] [ERROR] [vite] Failed to reload /src/App.jsx. This could be due to syntax errors or importing non-existent modules. (see errors above) @ http://localhost:5173/@vite/client:881
[ 1953194ms] [ERROR] Failed to load resource: the server responded with a status of 500 (Internal Server Error) @ http://localhost:5173/src/App.jsx?t=1791192511590:0
[ 2029070ms] [INFO] %cDownload the React DevTools for a better development experience: https://react.dev/link/react-devtools font-weight:bold @ http://localhost:5173/node_modules/.vite/deps/react-dom_client.js?v=94dfd021:22164
