[    1174ms] [LOG] Running frontend commit 734519e56fbecc5877374c6551b2472b951d59d5 @ https://www.figma.com/make/aua6GXnuvV8r9NECbYzp4r/LMS-Learning-Platform-Template?t=pFxH0tClb9PhjaFT-20&fullscreen=1:572
[    4083ms] [WARNING] Statsig is not ready to log exposures, will retry in 1 seconds @ https://www.figma.com/webpack-artifacts/assets/vendor-2b8fd634163619d9.min.js.br:131
[    4337ms] [ERROR] Failed to load resource: the server responded with a status of 403 (Forbidden) @ https://browser-intake-datadoghq.com/api/v2/rum:0
[    4432ms] [LOG] [import] git: 734519e56fbecc5877374c6551b2472b951d59d5, stamp: 9F206C9127351829 @ https://www.figma.com/webpack-artifacts/assets/vendor-2b8fd634163619d9.min.js.br:131
[    4435ms] [LOG] Loaded 52 scripts (7156400b), 52 from cache (7156400b) @ https://www.figma.com/webpack-artifacts/assets/vendor-2b8fd634163619d9.min.js.br:131
[    5616ms] [INFO] [Fullscreen] Booting... (emscripten version 4.0.21) @ https://www.figma.com/webpack-artifacts/assets/vendor-2b8fd634163619d9.min.js.br:131
[    5753ms] [INFO] [GPU] graphicsAPI:"WebGL 2", vendor:"Google Inc. (Intel)", renderer:"ANGLE (Intel, Intel(R) Iris(R) Xe Graphics (0x00009A49) Direct3D11 vs_5_0 ps_5_0, D3D11)" version:"OpenGL ES 3.0 (WebGL 2.0 (OpenGL ES 3.0 Chromium))" @ https://www.figma.com/webpack-artifacts/assets/vendor-2b8fd634163619d9.min.js.br:131
[    5767ms] [LOG] [Fullscreen] Ready in 1405.9ms @ https://www.figma.com/webpack-artifacts/assets/vendor-2b8fd634163619d9.min.js.br:131
[    5794ms] [WARNING] The powerPreference option is currently ignored when calling requestAdapter() on Windows. See https://crbug.com/369219127 @ https://www.figma.com/webpack-artifacts/assets/486-0912e88e824b23aa.min.js.br:28
[    5798ms] [WARNING] The powerPreference option is currently ignored when calling requestAdapter() on Windows. See https://crbug.com/369219127 @ https://www.figma.com/webpack-artifacts/assets/486-0912e88e824b23aa.min.js.br:28
[    6298ms] [INFO] [FullscreenApp] calling setEditorTheme and setting preference light @ https://www.figma.com/webpack-artifacts/assets/vendor-2b8fd634163619d9.min.js.br:131
[    6371ms] [INFO] [MultiplayerSession] connecting to wss://www.figma.com/api/multiplayer/aua6GXnuvV8r9NECbYzp4r?role=editor&tracking_session_id=Xrsy9IPw5mz4PvhJ&version=240&recentReload=0&file-load-streaming-compression=&client_release=734519e56fbecc5877374c6551b2472b951d59d5&previousLoadMode=full&reconnect-key=3f3df098-0a80-4de2-a830-076f16f416b9&reconnect-sequence-number=6&initialFileVersion=106 @ https://www.figma.com/webpack-artifacts/assets/vendor-2b8fd634163619d9.min.js.br:131
[    6389ms] [INFO] [FullscreenApp] calling setEditorTheme and setting preference light @ https://www.figma.com/webpack-artifacts/assets/vendor-2b8fd634163619d9.min.js.br:131
[    6836ms] [INFO] [MultiplayerSession] Joining file version 106 (journaled reconnect) @ https://www.figma.com/webpack-artifacts/assets/vendor-2b8fd634163619d9.min.js.br:131
[    9956ms] [LOG] [make] iframe_buffer_manager.sandbox_state_effect @ https://www.figma.com/webpack-artifacts/assets/vendor-2b8fd634163619d9.min.js.br:131
[    9959ms] [LOG] [devtools] Skipping LS initialization (code object type) @ https://www.figma.com/webpack-artifacts/assets/vendor-2b8fd634163619d9.min.js.br:131
[    9968ms] [LOG] [devtools] Skipping LS initialization (code object type) @ https://www.figma.com/webpack-artifacts/assets/vendor-2b8fd634163619d9.min.js.br:131
[   10015ms] [LOG] [make] iframe_buffer_manager.sandbox_state_effect @ https://www.figma.com/webpack-artifacts/assets/vendor-2b8fd634163619d9.min.js.br:131
[   10136ms] [LOG] [Fullscreen] loadtime=6.86s maxmem=5868320 @ https://www.figma.com/webpack-artifacts/assets/vendor-2b8fd634163619d9.min.js.br:131
[   10869ms] [ERROR] Failed to load resource: the server responded with a status of 401 () @ https://www.figma.com/api/integrations/supabase/aua6GXnuvV8r9NECbYzp4r/connection:0
[   10897ms] [ERROR] Failed to load resource: the server responded with a status of 401 () @ https://www.figma.com/api/source/v1/make/environment/aua6GXnuvV8r9NECbYzp4r?guid=0%3A6:0
[   11177ms] [ERROR] Failed to load resource: the server responded with a status of 401 () @ https://www.figma.com/api/user/plans:0
[   11319ms] [ERROR] Failed to load resource: the server responded with a status of 401 () @ https://www.figma.com/api/user/plans:0
[   11527ms] [LOG] [make] sandbox_manager.sandbox_state_emitted @ https://www.figma.com/webpack-artifacts/assets/vendor-2b8fd634163619d9.min.js.br:131
[   11536ms] [LOG] [make] sandbox_manager.sandbox_state_transition @ https://www.figma.com/webpack-artifacts/assets/vendor-2b8fd634163619d9.min.js.br:131
[   11704ms] [LOG] [make] iframe_buffer_manager.sandbox_state_effect @ https://www.figma.com/webpack-artifacts/assets/vendor-2b8fd634163619d9.min.js.br:131
[   11704ms] [LOG] [make] iframe_buffer_manager.generic_cached_preview_branch @ https://www.figma.com/webpack-artifacts/assets/vendor-2b8fd634163619d9.min.js.br:131
[   11829ms] [LOG] [make] iframe_buffer_manager.sandbox_state_effect @ https://www.figma.com/webpack-artifacts/assets/vendor-2b8fd634163619d9.min.js.br:131
[   13819ms] [LOG] [make] iframe_buffer_manager.sandbox_state_effect @ https://www.figma.com/webpack-artifacts/assets/vendor-2b8fd634163619d9.min.js.br:131
[   25708ms] [WARNING] Failed to execute 'postMessage' on 'DOMWindow': The target origin provided ('https://marketing.figma.com') does not match the recipient window's origin ('https://www.figma.com'). @ https://www.figma.com/webpack-artifacts/assets/9274-1d1dbfd8bd5b053b.min.js.br:1148
[   25721ms] [WARNING] Failed to execute 'postMessage' on 'DOMWindow': The target origin provided ('https://marketing.figma.com') does not match the recipient window's origin ('https://www.figma.com'). @ https://www.figma.com/webpack-artifacts/assets/9274-1d1dbfd8bd5b053b.min.js.br:1148
[   26067ms] [WARNING] [GSI_LOGGER]: Your client application uses one of the Google One Tap prompt UI status methods that may stop functioning when FedCM becomes mandatory. Refer to the migration guide to update your code accordingly and opt-in to FedCM to test your changes. Learn more: https://developers.google.com/identity/gsi/web/guides/fedcm-migration?s=dc#display_moment and https://developers.google.com/identity/gsi/web/guides/fedcm-migration?s=dc#skipped_moment @ https://www.figma.com/webpack-artifacts/assets/vendor-2b8fd634163619d9.min.js.br:131
[   26126ms] [ERROR] Not signed in with the identity provider. @ https://www.figma.com/make/aua6GXnuvV8r9NECbYzp4r/LMS-Learning-Platform-Template?p=f&fullscreen=1:0
[   26609ms] [ERROR] [GSI_LOGGER]: FedCM get() rejects with NetworkError: Error retrieving a token. @ https://www.figma.com/webpack-artifacts/assets/vendor-2b8fd634163619d9.min.js.br:131
[   26661ms] [WARNING] pixel already configured. @ https://pixel.byspotify.com/ping.min.js:0
[   27315ms] [WARNING] Unrecognized feature: 'join-ad-interest-group'. @ https://acdn.adnxs.com/dmp/up/pixie.js:0
[   27559ms] [INFO] [Sprigma] Sprig SDK is ready @ https://www.figma.com/webpack-artifacts/assets/vendor-2b8fd634163619d9.min.js.br:131
